SQL> desc employee
 Name                                                                                                                                                                                                                                                                                                  Null?    Type
 ----------------------------------------------------------------------------------------------------------------------------------------------------------------------------------------------------------------------------------------------------------------------------------------------------- -------- ----------------------------------------------------------------------------------------------------------------------------------------------------------------------------------------------------
 EMPLOYEE_ID                                                                                                                                                                                                                                                                                           NOT NULL NUMBER(3)
 L_NAME                                                                                                                                                                                                                                                                                                NOT NULL VARCHAR2(15)
 F_NAME                                                                                                                                                                                                                                                                                                NOT NULL VARCHAR2(15)
 SUPERVISOR                                                                                                                                                                                                                                                                                                     NUMBER(3)
 HIRE_DATE                                                                                                                                                                                                                                                                                                      DATE
 SALARY                                                                                                                                                                                                                                                                                                         NUMBER(6)
 COMMISSION                                                                                                                                                                                                                                                                                                     NUMBER(5)
 POSITION_ID                                                                                                                                                                                                                                                                                                    NUMBER(1)
 DEPT_ID                                                                                                                                                                                                                                                                                                        NUMBER(2)
 QUAL_ID                                                                                                                                                                                                                                                                                                        NUMBER(1)

SQL> desc department
 Name                                                                                                                                                                                                                                                                                                  Null?    Type
 ----------------------------------------------------------------------------------------------------------------------------------------------------------------------------------------------------------------------------------------------------------------------------------------------------- -------- ----------------------------------------------------------------------------------------------------------------------------------------------------------------------------------------------------
 DEPT_ID                                                                                                                                                                                                                                                                                               NOT NULL NUMBER(2)
 DEPT_NAME                                                                                                                                                                                                                                                                                                      VARCHAR2(12)
 LOCATION                                                                                                                                                                                                                                                                                                       VARCHAR2(15)
 EMPLOYEE_ID                                                                                                                                                                                                                                                                                                    NUMBER(3)

SQL> select employee_id,l_name,salary from employee NATURAL JOIN department;

EMPLOYEE_ID L_NAME              SALARY                                                                                                                                                                                                                                                                                                                                                                                                                                                                              
----------- --------------- ----------                                                                                                                                                                                                                                                                                                                                                                                                                                                                              
         33 Sharan              120000                                                                                                                                                                                                                                                                                                                                                                                                                                                                              

SQL> select *from department;

   DEPT_ID DEPT_NAME    LOCATION        EMPLOYEE_ID                                                                                                                                                                                                                                                                                                                                                                                                                                                                 
---------- ------------ --------------- -----------                                                                                                                                                                                                                                                                                                                                                                                                                                                                 
        11 Marketing    Vijaypur                 33                                                                                                                                                                                                                                                                                                                                                                                                                                                                 
         8 Documentary  Vijaypur                128                                                                                                                                                                                                                                                                                                                                                                                                                                                                 
        10 Head Office  Rampur                                                                                                                                                                                                                                                                                                                                                                                                                                                                                      
         4 Registrar    Rampur                                                                                                                                                                                                                                                                                                                                                                                                                                                                                      

SQL> select *from employee;

EMPLOYEE_ID L_NAME          F_NAME          SUPERVISOR HIRE_DATE     SALARY COMMISSION POSITION_ID    DEPT_ID    QUAL_ID                                                                                                                                                                                                                                                                                                                                                                                            
----------- --------------- --------------- ---------- --------- ---------- ---------- ----------- ---------- ----------                                                                                                                                                                                                                                                                                                                                                                                            
        128 Kumar           Amit                    35 07-FEB-19     120000       4000           7         11          9                                                                                                                                                                                                                                                                                                                                                                                            
        149 Dhakad          Chandra                 35 14-AUG-19     120000       4000           7          8          9                                                                                                                                                                                                                                                                                                                                                                                            
         33 Sharan          Aprajeet                   04-FEB-19     120000       4500           5         11          9                                                                                                                                                                                                                                                                                                                                                                                            
         78 Shah            Anveshi                 33 04-SEP-20      80000       3000           5         11          7                                                                                                                                                                                                                                                                                                                                                                                            

SQL> select employee_id,l_name,salary from employee where employee.dept_id =department.dept_id;
select employee_id,l_name,salary from employee where employee.dept_id =department.dept_id
                                                                       *
ERROR at line 1:
ORA-00904: "DEPARTMENT"."DEPT_ID": invalid identifier 


SQL> select employee_id,l_name,salary from employee,department where employee.dept_id =department.dept_id;
select employee_id,l_name,salary from employee,department where employee.dept_id =department.dept_id
       *
ERROR at line 1:
ORA-00918: column ambiguously defined 


SQL> select e.employee_id, e.l_name, e.salary from employee e,department where employee.dept_id =department.dept_id;
select e.employee_id, e.l_name, e.salary from employee e,department where employee.dept_id =department.dept_id
                                                                          *
ERROR at line 1:
ORA-00904: "EMPLOYEE"."DEPT_ID": invalid identifier 


SQL> select e.employee_id, e.l_name, e.salary from employee e,department where e.dept_id =department.dept_id;

EMPLOYEE_ID L_NAME              SALARY                                                                                                                                                                                                                                                                                                                                                                                                                                                                              
----------- --------------- ----------                                                                                                                                                                                                                                                                                                                                                                                                                                                                              
        128 Kumar               120000                                                                                                                                                                                                                                                                                                                                                                                                                                                                              
        149 Dhakad              120000                                                                                                                                                                                                                                                                                                                                                                                                                                                                              
         33 Sharan              120000                                                                                                                                                                                                                                                                                                                                                                                                                                                                              
         78 Shah                 80000                                                                                                                                                                                                                                                                                                                                                                                                                                                                              

SQL> select e.employee_id, e.l_name, e.salary from employee e,department where e.dept_id =department.dept_id(+);

EMPLOYEE_ID L_NAME              SALARY                                                                                                                                                                                                                                                                                                                                                                                                                                                                              
----------- --------------- ----------                                                                                                                                                                                                                                                                                                                                                                                                                                                                              
        128 Kumar               120000                                                                                                                                                                                                                                                                                                                                                                                                                                                                              
        149 Dhakad              120000                                                                                                                                                                                                                                                                                                                                                                                                                                                                              
         33 Sharan              120000                                                                                                                                                                                                                                                                                                                                                                                                                                                                              
         78 Shah                 80000                                                                                                                                                                                                                                                                                                                                                                                                                                                                              

SQL> select e.employee_id, e.l_name, e.salary from employee e,department where e.dept_id(+) =department.dept_id;

EMPLOYEE_ID L_NAME              SALARY                                                                                                                                                                                                                                                                                                                                                                                                                                                                              
----------- --------------- ----------                                                                                                                                                                                                                                                                                                                                                                                                                                                                              
        128 Kumar               120000                                                                                                                                                                                                                                                                                                                                                                                                                                                                              
        149 Dhakad              120000                                                                                                                                                                                                                                                                                                                                                                                                                                                                              
         33 Sharan              120000                                                                                                                                                                                                                                                                                                                                                                                                                                                                              
         78 Shah                 80000                                                                                                                                                                                                                                                                                                                                                                                                                                                                              
                                                                                                                                                                                                                                                                                                                                                                                                                                                                                                                    
                                                                                                                                                                                                                                                                                                                                                                                                                                                                                                                    

6 rows selected.

SQL> select *from department
  2  ;

   DEPT_ID DEPT_NAME    LOCATION        EMPLOYEE_ID                                                                                                                                                                                                                                                                                                                                                                                                                                                                 
---------- ------------ --------------- -----------                                                                                                                                                                                                                                                                                                                                                                                                                                                                 
        11 Marketing    Vijaypur                 33                                                                                                                                                                                                                                                                                                                                                                                                                                                                 
         8 Documentary  Vijaypur                128                                                                                                                                                                                                                                                                                                                                                                                                                                                                 
        10 Head Office  Rampur                                                                                                                                                                                                                                                                                                                                                                                                                                                                                      
         4 Registrar    Rampur                                                                                                                                                                                                                                                                                                                                                                                                                                                                                      

SQL> select *from employee;

EMPLOYEE_ID L_NAME          F_NAME          SUPERVISOR HIRE_DATE     SALARY COMMISSION POSITION_ID    DEPT_ID    QUAL_ID                                                                                                                                                                                                                                                                                                                                                                                            
----------- --------------- --------------- ---------- --------- ---------- ---------- ----------- ---------- ----------                                                                                                                                                                                                                                                                                                                                                                                            
        128 Kumar           Amit                    35 07-FEB-19     120000       4000           7         11          9                                                                                                                                                                                                                                                                                                                                                                                            
        149 Dhakad          Chandra                 35 14-AUG-19     120000       4000           7          8          9                                                                                                                                                                                                                                                                                                                                                                                            
         33 Sharan          Aprajeet                   04-FEB-19     120000       4500           5         11          9                                                                                                                                                                                                                                                                                                                                                                                            
         78 Shah            Anveshi                 33 04-SEP-20      80000       3000           5         11          7                                                                                                                                                                                                                                                                                                                                                                                            

SQL> select e.employee_id, e.l_name, e.salary, dept_name from employee e,department where e.dept_id =department.dept_id(+);

EMPLOYEE_ID L_NAME              SALARY DEPT_NAME                                                                                                                                                                                                                                                                                                                                                                                                                                                                    
----------- --------------- ---------- ------------                                                                                                                                                                                                                                                                                                                                                                                                                                                                 
         78 Shah                 80000 Marketing                                                                                                                                                                                                                                                                                                                                                                                                                                                                    
         33 Sharan              120000 Marketing                                                                                                                                                                                                                                                                                                                                                                                                                                                                    
        128 Kumar               120000 Marketing                                                                                                                                                                                                                                                                                                                                                                                                                                                                    
        149 Dhakad              120000 Documentary                                                                                                                                                                                                                                                                                                                                                                                                                                                                  

SQL> select e.employee_id, e.l_name, e.salary, dept_name from employee e,department where e.dept_id(+) =department.dept_id;

EMPLOYEE_ID L_NAME              SALARY DEPT_NAME                                                                                                                                                                                                                                                                                                                                                                                                                                                                    
----------- --------------- ---------- ------------                                                                                                                                                                                                                                                                                                                                                                                                                                                                 
        128 Kumar               120000 Marketing                                                                                                                                                                                                                                                                                                                                                                                                                                                                    
        149 Dhakad              120000 Documentary                                                                                                                                                                                                                                                                                                                                                                                                                                                                  
         33 Sharan              120000 Marketing                                                                                                                                                                                                                                                                                                                                                                                                                                                                    
         78 Shah                 80000 Marketing                                                                                                                                                                                                                                                                                                                                                                                                                                                                    
                                       Registrar                                                                                                                                                                                                                                                                                                                                                                                                                                                                    
                                       Head Office                                                                                                                                                                                                                                                                                                                                                                                                                                                                  

6 rows selected.

SQL> select employee_id, l_name, salary, dept_name from employee NATURAL JOIN department;

EMPLOYEE_ID L_NAME              SALARY DEPT_NAME                                                                                                                                                                                                                                                                                                                                                                                                                                                                    
----------- --------------- ---------- ------------                                                                                                                                                                                                                                                                                                                                                                                                                                                                 
         33 Sharan              120000 Marketing                                                                                                                                                                                                                                                                                                                                                                                                                                                                    

SQL> select d.employee_id, e.l_name, e.salary, d.dept_name from employee e NATURAL JOIN department d;
select d.employee_id, e.l_name, e.salary, d.dept_name from employee e NATURAL JOIN department d
       *
ERROR at line 1:
ORA-25155: column used in NATURAL join cannot have qualifier 


SQL> select e.employee_id, e.l_name, e.salary, d.dept_name from employee e NATURAL JOIN department d;
select e.employee_id, e.l_name, e.salary, d.dept_name from employee e NATURAL JOIN department d
       *
ERROR at line 1:
ORA-25155: column used in NATURAL join cannot have qualifier 


SQL> select employee_id, l_name, salary, dept_name from employee NATURAL JOIN department;

EMPLOYEE_ID L_NAME              SALARY DEPT_NAME                                                                                                                                                                                                                                                                                                                                                                                                                                                                    
----------- --------------- ---------- ------------                                                                                                                                                                                                                                                                                                                                                                                                                                                                 
         33 Sharan              120000 Marketing                                                                                                                                                                                                                                                                                                                                                                                                                                                                    

SQL> spool off
SQL> select table_name from user_tables;

TABLE_NAME                                                                      
------------------------------                                                  
EMPLOYEE                                                                        
EMPLOYEE1                                                                       
STUDENT_1905797                                                                 
FACULTY_905797                                                                  
DEPARTMENT_195797                                                               
COURSE_1905797                                                                  

6 rows selected.

SQL> spool off
